
 DSKSLEEP

 Start     Length     Name                   Class
 0001:0000 00020H     DDHeader               CONST
 0001:0020 003F4H     CONST                  CONST
 0001:0414 00000H     CONST2                 CONST
 0001:0420 00000H     CONST                  DATA
 0001:0420 00000H     CONST2                 DATA
 0001:0420 00029H     LIBDATA                DATA
 0001:044C 08328H     _DATA                  DATA
 0001:8774 00000H     _BSS                   BSS
 0001:8780 00126H     c_common               BSS
 0002:0000 000AEH     LIBCODE                CODE
 0002:00B0 00272H     CODE                   CODE
 0002:0324 03A96H     _TEXT                  CODE
 0003:0000 00C02H     SwapData               FAR_DATA
 0004:0000 006EAH     INITDATA               FAR_DATA
 0005:0000 00000H     SwapCode               SWAP_CODE

 Origin   Group
 0001:0   DGROUP
 0003:0   SGROUP
 0002:0   StaticGroup

  Address         Publics by Name

 0002:01EA       DEVHELP_BEEP
 0002:00E0       DEVHELP_GETDOSVAR
 0002:0114       DEVHELP_PROCBLOCK
 0002:0146       DEVHELP_PROCRUN
 0002:01C3       DevHelp_RegisterBeep
 0002:0211       DEVHELP_REGISTERDEVICECLASS
 0002:019C       DevHelp_RegisterPDD
 0002:0248       DEVHELP_SAVE_MESSAGE
 0002:0174       DEVHELP_TICKCOUNT
 0002:00B0       DEVHELP_VERIFYACCESS
 0002:0270       DHRET_0
 0002:02B2       DHRET_10
 0002:02C0       DHRET_12
 0002:02CE       DHRET_14
 0002:02DC       DHRET_16
 0002:02EA       DHRET_18
 0002:027A       DHRET_2
 0002:02F8       DHRET_20
 0002:0306       DHRET_22
 0002:0314       DHRET_24
 0002:0288       DHRET_4
 0002:0296       DHRET_6
 0002:02A4       DHRET_8
 0004:0000       _achDump
 0002:236A       _Add2TOTable
 0002:0836       _AllocateIorb
 0002:2886       _AnalyseCmdLine
 0001:049A       _anpUnit
 0002:0000       _APMAttach
 0002:009B       _APMDeregister
 0002:0CC8       _APMEventHandler
 0002:002E       _APMRegister
 0002:0A2A       _APMResume
 0002:0A18       _APMSuspend
 0002:032D       _AsmTimer
 0002:033F       _CallADD
 0001:88A0       _cc
 0002:1288       _ChangeList
 0002:1DEC       _CheckAdapterInfo
 0002:2AB6       _CheckRegistration
 0002:1E90       _CheckUnitInfo
 0002:1778       _ClearMessages
 0002:1B02       _Code_End
 0002:30F8       _Command_Parser
 0001:04CA       _cUnit
 0002:1152       _DeviceList
 0001:80D6       _DeviceTable
 0001:047E       _Device_Help
 0003:0000       _DisplayBuffer
 0002:04D8       _dprintf
 0002:1094       _DriverVersion
 0001:0366       _dszAddScan
 0001:037A       _dszAdpScan
 0001:006E       _dszAPMAttached
 0001:0086       _dszAPMRegister
 0001:02CE       _dszAPMResume
 0001:02B8       _dszAPMSuspend
 0001:0278       _dszC
 0001:0252       _dszCC_Config
 0001:005C       _dszCMDInit2
 0001:0266       _dszCM_DevTab
 0001:02A8       _dszEventDump
 0001:022A       _dszFF_Suspended
 0001:0210       _dszFilterFunction
 0001:034C       _dszInitBase
 0001:03C4       _dszInstalled
 0001:0338       _dszInstallTimer
 0001:030E       _dszInstFilter
 0001:0322       _dszInstFilterEnd
 0001:01B2       _dszIssueStart
 0001:01E2       _dszIssueStartExit
 0001:01C8       _dszIssueStartMem
 0001:0294       _dszIssueStop
 0001:03D8       _dszNotInstalled
 0001:03A6       _dszOldFilter
 0001:00BE       _dszQueueIorb
 0001:027A       _dszR
 0001:02E2       _dszRegister
 0001:02FE       _dszRemoveFilter
 0001:0358       _dszScanDevices
 0001:0040       _dszShutdownEnd
 0001:0020       _dszShutdownStart
 0001:00E6       _dszStartComplete
 0001:0194       _dszStartExit
 0001:00FE       _dszStartUnitComplete
 0001:0126       _dszStartUnitFailed
 0001:027C       _dszStopComplete
 0001:0144       _dszTestUnitComplete
 0001:0170       _dszTestUnitFailed
 0001:03F2       _dszUnitAlloc
 0001:0392       _dszUnitScan
 0001:00A2       _dszUnknownStr
 0001:01FA       _dszUnknPwrstate
 0001:00D2       _dszYankQueue
 0002:1B04       _DumpStatusblock
 0001:0488       _fAPMSuspended
 0001:0486       _fDriverFlags
 0002:0D34       _FilterFunction
 0002:085A       _FreeIorb
 0002:19FF       _GenIOCtl
 0002:17CD       _GetLaststatus
 0001:0494       _hdThisDriver
 0003:0C00       _iNextString
 0002:2B58       _InitBase
 0002:1F62       _InstallFilter
 0002:2842       _InstallTimer
 0002:0BF4       _IssueStart
 0002:0F7C       _IssueStop
 0001:878C       _length
 0001:08D4       _MemPool
 0001:08CC       _msgBuffer
 0002:0866       _NotifyIorb
 0001:80D4       _npInitData
 0001:864C       _opttable
 0001:8630       _OPT_APM
 0001:85DC       _OPT_DEBUG_DEFAULT
 0001:85EA       _OPT_DEBUG_NO
 0001:863E       _OPT_END
 0001:8622       _OPT_NAPM
 0001:85C0       _OPT_NSR
 0001:8606       _OPT_NUT
 0001:85CE       _OPT_SR
 0001:85F8       _OPT_TIME
 0001:8614       _OPT_UT
 0001:85B2       _OPT_VERBOSE
 0001:8780       _pcmdline1
 0001:8784       _pcmdline_slash
 0001:8890       _pcmdline_start
 0001:8894       _pend_option
 0001:0482       _pGlobalInfoSeg
 0001:8898       _poutbuf1
 0001:889C       _poutbuf_end
 0001:8788       _ptable_option
 0002:13E6       _QueryDeviceState
 0002:23DE       _QueryTOTable
 0002:08E2       _QueueIorb
 0002:1664       _ReadMessages
 0004:0630       _RegData
 0002:21A8       _RemoveFilter
 0002:195F       _SaveMessage
 0002:243A       _ScanDevices
 0002:1C48       _SendIORB
 0002:1C22       _SendIORBNotify
 0002:153E       _SetDeviceState
 0002:0354       _Shutdown
 0002:2D88       _sprintk
 0002:0A3A       _StartComplete
 0001:88A4       _state_index
 0002:0F2C       _StopComplete
 0002:03DC       _Strategy
 0001:048A       _szDriverName
 0001:04CC       _szMsgBuffer
 0002:1CBA       _TestOperation
 0002:103C       _Timer
 0001:878E       _tokvbuf
 0001:888E       _tokv_index
 0004:0688       _ToOption
 0002:35C4       _ulist_parser
 0001:0496       _ulTimer
 0004:06E8       _usSleepSeconds
 0002:094E       _YankQueue
 0002:07B2       __aNFauldiv
 0002:07D4       __aNuldiv
 0002:0746       __aNulrem

  Address         Publics by Value

 0001:0020       _dszShutdownStart
 0001:0040       _dszShutdownEnd
 0001:005C       _dszCMDInit2
 0001:006E       _dszAPMAttached
 0001:0086       _dszAPMRegister
 0001:00A2       _dszUnknownStr
 0001:00BE       _dszQueueIorb
 0001:00D2       _dszYankQueue
 0001:00E6       _dszStartComplete
 0001:00FE       _dszStartUnitComplete
 0001:0126       _dszStartUnitFailed
 0001:0144       _dszTestUnitComplete
 0001:0170       _dszTestUnitFailed
 0001:0194       _dszStartExit
 0001:01B2       _dszIssueStart
 0001:01C8       _dszIssueStartMem
 0001:01E2       _dszIssueStartExit
 0001:01FA       _dszUnknPwrstate
 0001:0210       _dszFilterFunction
 0001:022A       _dszFF_Suspended
 0001:0252       _dszCC_Config
 0001:0266       _dszCM_DevTab
 0001:0278       _dszC
 0001:027A       _dszR
 0001:027C       _dszStopComplete
 0001:0294       _dszIssueStop
 0001:02A8       _dszEventDump
 0001:02B8       _dszAPMSuspend
 0001:02CE       _dszAPMResume
 0001:02E2       _dszRegister
 0001:02FE       _dszRemoveFilter
 0001:030E       _dszInstFilter
 0001:0322       _dszInstFilterEnd
 0001:0338       _dszInstallTimer
 0001:034C       _dszInitBase
 0001:0358       _dszScanDevices
 0001:0366       _dszAddScan
 0001:037A       _dszAdpScan
 0001:0392       _dszUnitScan
 0001:03A6       _dszOldFilter
 0001:03C4       _dszInstalled
 0001:03D8       _dszNotInstalled
 0001:03F2       _dszUnitAlloc
 0001:047E       _Device_Help
 0001:0482       _pGlobalInfoSeg
 0001:0486       _fDriverFlags
 0001:0488       _fAPMSuspended
 0001:048A       _szDriverName
 0001:0494       _hdThisDriver
 0001:0496       _ulTimer
 0001:049A       _anpUnit
 0001:04CA       _cUnit
 0001:04CC       _szMsgBuffer
 0001:08CC       _msgBuffer
 0001:08D4       _MemPool
 0001:80D4       _npInitData
 0001:80D6       _DeviceTable
 0001:85B2       _OPT_VERBOSE
 0001:85C0       _OPT_NSR
 0001:85CE       _OPT_SR
 0001:85DC       _OPT_DEBUG_DEFAULT
 0001:85EA       _OPT_DEBUG_NO
 0001:85F8       _OPT_TIME
 0001:8606       _OPT_NUT
 0001:8614       _OPT_UT
 0001:8622       _OPT_NAPM
 0001:8630       _OPT_APM
 0001:863E       _OPT_END
 0001:864C       _opttable
 0001:8780       _pcmdline1
 0001:8784       _pcmdline_slash
 0001:8788       _ptable_option
 0001:878C       _length
 0001:878E       _tokvbuf
 0001:888E       _tokv_index
 0001:8890       _pcmdline_start
 0001:8894       _pend_option
 0001:8898       _poutbuf1
 0001:889C       _poutbuf_end
 0001:88A0       _cc
 0001:88A4       _state_index
 0002:0000       _APMAttach
 0002:002E       _APMRegister
 0002:009B       _APMDeregister
 0002:00B0       DEVHELP_VERIFYACCESS
 0002:00E0       DEVHELP_GETDOSVAR
 0002:0114       DEVHELP_PROCBLOCK
 0002:0146       DEVHELP_PROCRUN
 0002:0174       DEVHELP_TICKCOUNT
 0002:019C       DevHelp_RegisterPDD
 0002:01C3       DevHelp_RegisterBeep
 0002:01EA       DEVHELP_BEEP
 0002:0211       DEVHELP_REGISTERDEVICECLASS
 0002:0248       DEVHELP_SAVE_MESSAGE
 0002:0270       DHRET_0
 0002:027A       DHRET_2
 0002:0288       DHRET_4
 0002:0296       DHRET_6
 0002:02A4       DHRET_8
 0002:02B2       DHRET_10
 0002:02C0       DHRET_12
 0002:02CE       DHRET_14
 0002:02DC       DHRET_16
 0002:02EA       DHRET_18
 0002:02F8       DHRET_20
 0002:0306       DHRET_22
 0002:0314       DHRET_24
 0002:032D       _AsmTimer
 0002:033F       _CallADD
 0002:0354       _Shutdown
 0002:03DC       _Strategy
 0002:04D8       _dprintf
 0002:0746       __aNulrem
 0002:07B2       __aNFauldiv
 0002:07D4       __aNuldiv
 0002:0836       _AllocateIorb
 0002:085A       _FreeIorb
 0002:0866       _NotifyIorb
 0002:08E2       _QueueIorb
 0002:094E       _YankQueue
 0002:0A18       _APMSuspend
 0002:0A2A       _APMResume
 0002:0A3A       _StartComplete
 0002:0BF4       _IssueStart
 0002:0CC8       _APMEventHandler
 0002:0D34       _FilterFunction
 0002:0F2C       _StopComplete
 0002:0F7C       _IssueStop
 0002:103C       _Timer
 0002:1094       _DriverVersion
 0002:1152       _DeviceList
 0002:1288       _ChangeList
 0002:13E6       _QueryDeviceState
 0002:153E       _SetDeviceState
 0002:1664       _ReadMessages
 0002:1778       _ClearMessages
 0002:17CD       _GetLaststatus
 0002:195F       _SaveMessage
 0002:19FF       _GenIOCtl
 0002:1B02       _Code_End
 0002:1B04       _DumpStatusblock
 0002:1C22       _SendIORBNotify
 0002:1C48       _SendIORB
 0002:1CBA       _TestOperation
 0002:1DEC       _CheckAdapterInfo
 0002:1E90       _CheckUnitInfo
 0002:1F62       _InstallFilter
 0002:21A8       _RemoveFilter
 0002:236A       _Add2TOTable
 0002:23DE       _QueryTOTable
 0002:243A       _ScanDevices
 0002:2842       _InstallTimer
 0002:2886       _AnalyseCmdLine
 0002:2AB6       _CheckRegistration
 0002:2B58       _InitBase
 0002:2D88       _sprintk
 0002:30F8       _Command_Parser
 0002:35C4       _ulist_parser
 0003:0000       _DisplayBuffer
 0003:0C00       _iNextString
 0004:0000       _achDump
 0004:0630       _RegData
 0004:0688       _ToOption
 0004:06E8       _usSleepSeconds
