
 VRAID

 Start     Length     Name                   Class
 0001:0000 00029H     DDHeader               CONST
 0001:002C 00058H     CONST                  CONST
 0001:0084 00000H     CONST2                 CONST
 0001:0090 00000H     CONST                  DATA
 0001:0090 00000H     CONST2                 DATA
 0001:0090 00000H     LIBDATA                DATA
 0001:0090 0896CH     _DATA                  DATA
 0001:89FC 000C0H     _BSS                   BSS
 0001:8AC0 00126H     c_common               BSS
 0002:0000 00000H     LIBCODE                CODE
 0002:0000 004A2H     CODE                   CODE
 0002:04A4 09050H     _TEXT                  CODE
 0003:0000 09C54H     WORKMEM                FAR_DATA
 0004:0000 00C02H     SwapData               FAR_DATA
 0005:0000 008B1H     INITDATA               FAR_DATA
 0006:0000 00000H     SwapCode               SWAP_CODE

 Origin   Group
 0002:0   CGROUP
 0001:0   DGROUP
 0004:0   SGROUP
 0003:0   TGROUP

  Address         Publics by Name

 0002:04A4       AsmStrategy
 0002:04CC       BUILDHOOK
 0002:02C4       DEVHELP_ALLOCATECTXHOOK
 0002:031B       DEVHELP_ARMCTXHOOK
 0002:01CA       DEVHELP_BEEP
 0002:02F6       DEVHELP_FREECTXHOOK
 0002:00C0       DEVHELP_GETDOSVAR
 0002:03AF       DEVHELP_LINTOPAGELIST
 0002:0034       DEVHELP_LOCK
 0002:00F4       DEVHELP_PROCBLOCK
 0002:0126       DEVHELP_PROCRUN
 0002:01A3       DevHelp_RegisterBeep
 0002:01F1       DEVHELP_REGISTERDEVICECLASS
 0002:017C       DevHelp_RegisterPDD
 0002:034C       DEVHELP_SAVE_MESSAGE
 0002:0154       DEVHELP_TICKCOUNT
 0002:0068       DEVHELP_UNLOCK
 0002:0090       DEVHELP_VERIFYACCESS
 0002:0374       DEVHELP_VIRTTOLIN
 0002:0000       DEVHELP_VIRTTOPHYS
 0002:0228       DEVHELP_VMALLOC
 0002:026F       DEVHELP_VMFREE
 0002:0294       DevHelp_VMSetMem
 0002:03F0       DHRET_0
 0002:0432       DHRET_10
 0002:0440       DHRET_12
 0002:044E       DHRET_14
 0002:045C       DHRET_16
 0002:046A       DHRET_18
 0002:03FA       DHRET_2
 0002:0478       DHRET_20
 0002:0486       DHRET_22
 0002:0494       DHRET_24
 0002:0408       DHRET_4
 0002:0416       DHRET_6
 0002:0424       DHRET_8
 0002:04BF       MEMORYHOOK
 0001:06B4       _aBuildProcess
 0002:09DC       _AllocateFixed
 0002:0852       _AllocateIorb
 0002:08C4       _AllocateVrio
 0001:05AE       _apBDisk
 0001:0672       _apHDrv
 0001:0610       _apPDev
 0002:04AD       _AsmTimer
 0002:2102       _BuildCreate
 0002:1CA6       _BuildNotify
 0001:0752       _BuildParent
 0002:0924       _BuildWorkmem
 0002:04D9       _CallADD
 0001:060E       _cBDisk
 0001:07D2       _cBeeps
 0001:0750       _cBuildProcess
 0001:8BE0       _cc
 0001:06B2       _cHDrv
 0001:07E6       _cIorbAllocated
 0001:07E2       _cIorbInQueue
 0002:87CC       _Command_Parser
 0002:6B96       _CompleteInit
 0002:0B7E       _CompleteVrio
 0001:0670       _cPDev
 0002:0ABC       _Crc16
 0002:0A96       _CrcInit
 0001:07E8       _cVrioAllocated
 0001:07E4       _cVrioInQueue
 0002:0C24       _DequeueVrio
 0001:83F4       _DeviceTable
 0001:0598       _Device_Help
 0001:0000       _DiskDDHeader
 0001:07DC       _fADDFlags
 0001:05A0       _fDriverFlags
 0002:1A70       _FilterHandler
 0002:0A36       _FreeFixed
 0002:08B2       _FreeIorb
 0002:0912       _FreeVrio
 0002:3079       _GenIOCtl
 0002:0CD4       _GetNextIorb
 0001:05AA       _hdBuildHook
 0001:05A6       _hdMemHook
 0001:05A4       _hdThisDriver
 0002:12D2       _HostdriveNotify
 0002:8198       _InitBase
 0002:0D52       _InsertIorb
 0002:0C84       _InsertVrio
 0002:1910       _IorbEntry
 0001:8ACC       _length
 0002:072E       _MemAlloc
 0002:0620       _MemFree
 0001:0BF2       _MemPool
 0002:48BC       _MirrorCreate
 0001:0BEA       _msgBuffer
 0002:18C0       _NotifyIorb
 0001:83F2       _npInitData
 0001:88E8       _opttable
 0001:88B0       _OPT_DEBUG_DEFAULT
 0001:88A2       _OPT_DEBUG_NO
 0001:88DA       _OPT_END
 0001:88BE       _OPT_NSHARE
 0001:88CC       _OPT_SHARE
 0001:8894       _OPT_VERBOSE
 0001:8AC0       _pcmdline1
 0001:8AC4       _pcmdline_slash
 0001:8BD0       _pcmdline_start
 0001:8BD4       _pend_option
 0001:059C       _pGlobalInfoSeg
 0002:36FC       _PhysdevCreate
 0001:8BD8       _poutbuf1
 0001:8BDC       _poutbuf_end
 0001:0590       _ppDiskDDHeader
 0001:0594       _ppWorkMem
 0002:0F2C       _ProcessAdminIO
 0002:106A       _ProcessUserIO
 0001:8AC8       _ptable_option
 0002:0BD4       _QueueVrio
 0002:67F8       _Raid5Create
 0005:082E       _RegData
 0002:09B8       _ReleaseWorkmem
 0002:2204       _SaveArrayInfos
 0002:2FD4       _SaveMessage
 0002:61A4       _SingleCreate
 0002:5DDA       _SpanCreate
 0002:8438       _sprintk
 0002:0DC4       _StartManyIorb
 0001:8BE4       _state_index
 0002:0598       _Strategy
 0002:542C       _StripeCreate
 0001:0020       _szDriverName
 0005:00A4       _szMallocFailed
 0001:07EA       _szMsgBuffer
 0005:00CA       _szReadError
 0002:1980       _Timer
 0001:8ACE       _tokvbuf
 0001:8BCE       _tokv_index
 0001:07D4       _uADDMaxSGList
 0001:07D6       _ulADDMaxTransfer
 0002:8CA4       _ulist_parser
 0001:07DE       _ulTimer
 0001:07DA       _uMaxQueueCount
 0002:2098       _UpdateBuilds
 0002:1F78       _UpdateCfg
 0002:1B70       _UpdateNotify
 0001:0792       _UpdateParent
 0001:05A2       _uRegLevel
 0002:7F68       _ValidateVSec2
 0001:076A       _vrioBuild
 0001:07AA       _vrioUpdate
 0002:121A       __aNFauldiv
 0002:129E       __aNlmul
 0002:123C       __aNuldiv
 0002:129E       __aNulmul
 0002:11AE       __aNulrem
 0002:0540       __fstrncpy
 0002:04EE       __lock
 0002:0505       __unlock

  Address         Publics by Value

 0001:0000       _DiskDDHeader
 0001:0020       _szDriverName
 0001:0590       _ppDiskDDHeader
 0001:0594       _ppWorkMem
 0001:0598       _Device_Help
 0001:059C       _pGlobalInfoSeg
 0001:05A0       _fDriverFlags
 0001:05A2       _uRegLevel
 0001:05A4       _hdThisDriver
 0001:05A6       _hdMemHook
 0001:05AA       _hdBuildHook
 0001:05AE       _apBDisk
 0001:060E       _cBDisk
 0001:0610       _apPDev
 0001:0670       _cPDev
 0001:0672       _apHDrv
 0001:06B2       _cHDrv
 0001:06B4       _aBuildProcess
 0001:0750       _cBuildProcess
 0001:0752       _BuildParent
 0001:076A       _vrioBuild
 0001:0792       _UpdateParent
 0001:07AA       _vrioUpdate
 0001:07D2       _cBeeps
 0001:07D4       _uADDMaxSGList
 0001:07D6       _ulADDMaxTransfer
 0001:07DA       _uMaxQueueCount
 0001:07DC       _fADDFlags
 0001:07DE       _ulTimer
 0001:07E2       _cIorbInQueue
 0001:07E4       _cVrioInQueue
 0001:07E6       _cIorbAllocated
 0001:07E8       _cVrioAllocated
 0001:07EA       _szMsgBuffer
 0001:0BEA       _msgBuffer
 0001:0BF2       _MemPool
 0001:83F2       _npInitData
 0001:83F4       _DeviceTable
 0001:8894       _OPT_VERBOSE
 0001:88A2       _OPT_DEBUG_NO
 0001:88B0       _OPT_DEBUG_DEFAULT
 0001:88BE       _OPT_NSHARE
 0001:88CC       _OPT_SHARE
 0001:88DA       _OPT_END
 0001:88E8       _opttable
 0001:8AC0       _pcmdline1
 0001:8AC4       _pcmdline_slash
 0001:8AC8       _ptable_option
 0001:8ACC       _length
 0001:8ACE       _tokvbuf
 0001:8BCE       _tokv_index
 0001:8BD0       _pcmdline_start
 0001:8BD4       _pend_option
 0001:8BD8       _poutbuf1
 0001:8BDC       _poutbuf_end
 0001:8BE0       _cc
 0001:8BE4       _state_index
 0002:0000       DEVHELP_VIRTTOPHYS
 0002:0034       DEVHELP_LOCK
 0002:0068       DEVHELP_UNLOCK
 0002:0090       DEVHELP_VERIFYACCESS
 0002:00C0       DEVHELP_GETDOSVAR
 0002:00F4       DEVHELP_PROCBLOCK
 0002:0126       DEVHELP_PROCRUN
 0002:0154       DEVHELP_TICKCOUNT
 0002:017C       DevHelp_RegisterPDD
 0002:01A3       DevHelp_RegisterBeep
 0002:01CA       DEVHELP_BEEP
 0002:01F1       DEVHELP_REGISTERDEVICECLASS
 0002:0228       DEVHELP_VMALLOC
 0002:026F       DEVHELP_VMFREE
 0002:0294       DevHelp_VMSetMem
 0002:02C4       DEVHELP_ALLOCATECTXHOOK
 0002:02F6       DEVHELP_FREECTXHOOK
 0002:031B       DEVHELP_ARMCTXHOOK
 0002:034C       DEVHELP_SAVE_MESSAGE
 0002:0374       DEVHELP_VIRTTOLIN
 0002:03AF       DEVHELP_LINTOPAGELIST
 0002:03F0       DHRET_0
 0002:03FA       DHRET_2
 0002:0408       DHRET_4
 0002:0416       DHRET_6
 0002:0424       DHRET_8
 0002:0432       DHRET_10
 0002:0440       DHRET_12
 0002:044E       DHRET_14
 0002:045C       DHRET_16
 0002:046A       DHRET_18
 0002:0478       DHRET_20
 0002:0486       DHRET_22
 0002:0494       DHRET_24
 0002:04A4       AsmStrategy
 0002:04AD       _AsmTimer
 0002:04BF       MEMORYHOOK
 0002:04CC       BUILDHOOK
 0002:04D9       _CallADD
 0002:04EE       __lock
 0002:0505       __unlock
 0002:0540       __fstrncpy
 0002:0598       _Strategy
 0002:0620       _MemFree
 0002:072E       _MemAlloc
 0002:0852       _AllocateIorb
 0002:08B2       _FreeIorb
 0002:08C4       _AllocateVrio
 0002:0912       _FreeVrio
 0002:0924       _BuildWorkmem
 0002:09B8       _ReleaseWorkmem
 0002:09DC       _AllocateFixed
 0002:0A36       _FreeFixed
 0002:0A96       _CrcInit
 0002:0ABC       _Crc16
 0002:0B7E       _CompleteVrio
 0002:0BD4       _QueueVrio
 0002:0C24       _DequeueVrio
 0002:0C84       _InsertVrio
 0002:0CD4       _GetNextIorb
 0002:0D52       _InsertIorb
 0002:0DC4       _StartManyIorb
 0002:0F2C       _ProcessAdminIO
 0002:106A       _ProcessUserIO
 0002:11AE       __aNulrem
 0002:121A       __aNFauldiv
 0002:123C       __aNuldiv
 0002:129E       __aNulmul
 0002:129E       __aNlmul
 0002:12D2       _HostdriveNotify
 0002:18C0       _NotifyIorb
 0002:1910       _IorbEntry
 0002:1980       _Timer
 0002:1A70       _FilterHandler
 0002:1B70       _UpdateNotify
 0002:1CA6       _BuildNotify
 0002:1F78       _UpdateCfg
 0002:2098       _UpdateBuilds
 0002:2102       _BuildCreate
 0002:2204       _SaveArrayInfos
 0002:2FD4       _SaveMessage
 0002:3079       _GenIOCtl
 0002:36FC       _PhysdevCreate
 0002:48BC       _MirrorCreate
 0002:542C       _StripeCreate
 0002:5DDA       _SpanCreate
 0002:61A4       _SingleCreate
 0002:67F8       _Raid5Create
 0002:6B96       _CompleteInit
 0002:7F68       _ValidateVSec2
 0002:8198       _InitBase
 0002:8438       _sprintk
 0002:87CC       _Command_Parser
 0002:8CA4       _ulist_parser
 0005:00A4       _szMallocFailed
 0005:00CA       _szReadError
 0005:082E       _RegData
