
 VRAID

 Start     Length     Name                   Class
 0001:0000 00029H     DDHeader               CONST
 0001:002C 0194CH     CONST                  CONST
 0001:1978 00000H     CONST2                 CONST
 0001:1980 00000H     CONST                  DATA
 0001:1980 00000H     CONST2                 DATA
 0001:1980 00000H     LIBDATA                DATA
 0001:1980 0AD5CH     _DATA                  DATA
 0001:C6DC 000C0H     _BSS                   BSS
 0001:C7A0 00126H     c_common               BSS
 0002:0000 00000H     LIBCODE                CODE
 0002:0000 004A2H     CODE                   CODE
 0002:04A4 0B350H     _TEXT                  CODE
 0003:0000 09C54H     WORKMEM                FAR_DATA
 0004:0000 00C02H     SwapData               FAR_DATA
 0005:0000 008BDH     INITDATA               FAR_DATA
 0006:0000 00000H     SwapCode               SWAP_CODE

 Origin   Group
 0002:0   CGROUP
 0001:0   DGROUP
 0004:0   SGROUP
 0003:0   TGROUP

  Address         Publics by Name

 0002:04CC       BUILDHOOK
 0002:02C4       DEVHELP_ALLOCATECTXHOOK
 0002:031B       DEVHELP_ARMCTXHOOK
 0002:01CA       DEVHELP_BEEP
 0002:02F6       DEVHELP_FREECTXHOOK
 0002:00C0       DEVHELP_GETDOSVAR
 0002:03AF       DEVHELP_LINTOPAGELIST
 0002:0034       DEVHELP_LOCK
 0002:00F4       DEVHELP_PROCBLOCK
 0002:0126       DEVHELP_PROCRUN
 0002:01A3       DevHelp_RegisterBeep
 0002:01F1       DEVHELP_REGISTERDEVICECLASS
 0002:017C       DevHelp_RegisterPDD
 0002:034C       DEVHELP_SAVE_MESSAGE
 0002:0154       DEVHELP_TICKCOUNT
 0002:0068       DEVHELP_UNLOCK
 0002:0090       DEVHELP_VERIFYACCESS
 0002:0374       DEVHELP_VIRTTOLIN
 0002:0000       DEVHELP_VIRTTOPHYS
 0002:0228       DEVHELP_VMALLOC
 0002:026F       DEVHELP_VMFREE
 0002:0294       DevHelp_VMSetMem
 0002:03F0       DHRET_0
 0002:0432       DHRET_10
 0002:0440       DHRET_12
 0002:044E       DHRET_14
 0002:045C       DHRET_16
 0002:046A       DHRET_18
 0002:03FA       DHRET_2
 0002:0478       DHRET_20
 0002:0486       DHRET_22
 0002:0494       DHRET_24
 0002:0408       DHRET_4
 0002:0416       DHRET_6
 0002:0424       DHRET_8
 0002:04BF       MEMORYHOOK
 0001:3CCE       _aBuildProcess
 0003:0000       _abWorkMem
 0002:9638       _AddHostDrive
 0002:0BAA       _AllocateFixed
 0002:0900       _AllocateIorb
 0002:1D8E       _AllocateUnit
 0002:09B8       _AllocateVrio
 0003:9C48       _allocp
 0002:9E16       _AnalyseCmdLine
 0002:974E       _AnalyseVRDev
 0002:9902       _AnalyseVRDev2
 0001:3BC8       _apBDisk
 0001:3C8C       _apHDrv
 0001:3C2A       _apPDev
 0002:200E       _ArrayHandler
 0002:04AD       _AsmTimer
 0003:9C40       _base
 0002:2CD4       _BuildCreate
 0002:9A34       _BuildDevTree
 0002:2C7E       _BuildEnd
 0002:274A       _BuildNotify
 0001:3D6C       _BuildParent
 0002:44F8       _BuildSGList
 0002:2976       _BuildWorker
 0002:0A5A       _BuildWorkmem
 0002:0C80       _CalcTable
 0002:04D9       _CallADD
 0001:3C28       _cBDisk
 0001:3DEC       _cBeeps
 0001:3D6A       _cBuildProcess
 0001:C8C0       _cc
 0002:3E29       _ChangeBeeper
 0002:1E22       _ChangeUnitInfo
 0001:3CCC       _cHDrv
 0002:8A7E       _CheckAdapterInfo
 0002:9F82       _CheckRegistration
 0002:8AF8       _CheckUnitInfo
 0002:41A4       _Chksum
 0001:3E00       _cIorbAllocated
 0001:3DFC       _cIorbInQueue
 0002:30E2       _ClearMessages
 0002:89BA       _Code_End
 0002:AAB4       _Command_Parser
 0002:8996       _CompleteInit
 0002:0DE0       _CompleteVrio
 0002:96DE       _CompressTab
 0001:3C8A       _cPDev
 0002:0CFA       _Crc16
 0002:0CCE       _CrcInit
 0001:19E8       _CRCtable
 0001:3E02       _cVrioAllocated
 0001:3DFE       _cVrioInQueue
 0002:1DD8       _DeAllocateUnit
 0002:0EE6       _DequeueVrio
 0001:BA0E       _DeviceTable
 0001:3BB2       _Device_Help
 0001:0000       _DiskDDHeader
 0004:0000       _DisplayBuffer
 0002:3BF5       _DoAdminIO
 0002:15DC       _dprintf
 0002:2EEC       _DriverVersion
 0001:3DF6       _fADDFlags
 0001:3BBA       _fDriverFlags
 0002:23A6       _FilterHandler
 0002:8EA2       _FindVRaidPartition
 0002:0C40       _FreeFixed
 0002:097A       _FreeIorb
 0002:0A1C       _FreeVrio
 0002:3FCE       _GenIOCtl
 0002:1E62       _GetDeviceGeometry
 0002:1C28       _GetDeviceTable
 0002:0FC0       _GetNextIorb
 0002:1FC6       _GetUnitStatus
 0002:2E60       _Hd2Dev
 0002:2EA6       _Hd2Drv
 0001:3BC4       _hdBuildHook
 0001:3BC0       _hdMemHook
 0003:9C50       _hdMemLock
 0001:3BBE       _hdThisDriver
 0003:9C4C       _hlMem
 0001:1D4A       _hlVrioQueue
 0002:196E       _HostdriveNotify
 0004:0C00       _iNextString
 0002:A432       _InitBase
 0002:8946       _InitLevel2
 0002:1060       _InsertIorb
 0002:0F66       _InsertVrio
 0002:9220       _InstallRouter
 0002:2232       _IorbEntry
 0002:41D6       _IorbNotification
 0001:C7AC       _length
 0002:8BF6       _LocalAllocateUnit
 0002:8CBA       _LocalDeallocateUnit
 0002:8D76       _LocalReadSector
 0002:89DA       _LocalSendIORB
 0002:07E8       _MemAlloc
 0002:064A       _MemFree
 0001:420C       _MemPool
 0002:62EE       _MirrorCreate
 0002:5C1C       _MirrorCtrl
 0002:4D8C       _MirrorNotify
 0002:59FA       _MirrorUpdate
 0002:52CA       _MirrorWorker
 0001:4204       _msgBuffer
 0002:4CF8       _NextValidChild
 0002:21B4       _NotifyIorb
 0001:BA0C       _npInitData
 0001:C4D8       _opttable
 0001:C4A0       _OPT_DEBUG_DEFAULT
 0001:C492       _OPT_DEBUG_NO
 0001:C4CA       _OPT_END
 0001:C4AE       _OPT_NSHARE
 0001:C4BC       _OPT_SHARE
 0001:C484       _OPT_VERBOSE
 0001:C7A0       _pcmdline1
 0001:C7A4       _pcmdline_slash
 0001:C8B0       _pcmdline_start
 0001:C8B4       _pend_option
 0001:3BB6       _pGlobalInfoSeg
 0002:4BDC       _PhysdevCreate
 0002:482C       _PhysdevNotify
 0002:4BD8       _PhysdevUpdate
 0002:48DA       _PhysdevWorker
 0002:446E       _PhysSendIORB
 0001:C8B8       _poutbuf1
 0001:C8BC       _poutbuf_end
 0001:3BAA       _ppDiskDDHeader
 0001:3BAE       _ppWorkMem
 0002:1306       _ProcessAdminIO
 0002:146E       _ProcessUserIO
 0001:C7A8       _ptable_option
 0001:1D46       _pVrioQueueFoot
 0001:1D42       _pVrioQueueHead
 0002:3601       _QueryArrayinfo
 0002:34AD       _QueryArraylist
 0002:328B       _QueryPhysinfo
 0002:3137       _QueryPhyslist
 0002:1A94       _QueueDeviceIO
 0002:19DC       _QueueIorbChain
 0002:0E80       _QueueVrio
 0002:2FD4       _ReadMessages
 0005:083A       _RegData
 0002:9DC0       _RegisterDriver
 0002:0B46       _ReleaseWorkmem
 0002:2E12       _SaveArrayInfos
 0002:3F0E       _SaveMessage
 0002:92A8       _SearchPhysDevices
 0002:89BC       _SendIORBNotify
 0002:1AE8       _SetAdapterInfo
 0002:3AB3       _SetChildState
 0002:1B6C       _SetUnitInfo
 0002:051E       _Shutdown
 0002:8808       _SingleCreate
 0002:86E8       _SingleCtrl
 0002:82DE       _SingleNotify
 0002:8656       _SingleUpdate
 0002:83EA       _SingleWorker
 0002:80D6       _SpanCreate
 0002:7FAA       _SpanCtrl
 0002:7536       _SpanNotify
 0002:7F18       _SpanUpdate
 0002:77B6       _SpanWorker
 0002:A744       _sprintk
 0002:10DE       _StartManyIorb
 0002:3957       _StartRebuild
 0001:C8C4       _state_index
 0002:05BE       _Strategy
 0002:72BC       _StripeCreate
 0002:7190       _StripeCtrl
 0002:6742       _StripeNotify
 0002:70FE       _StripeUpdate
 0002:69EA       _StripeWorker
 0001:0020       _szDriverName
 0005:0040       _szMallocFailed
 0001:3E04       _szMsgBuffer
 0005:0066       _szReadError
 0002:22A0       _Timer
 0001:C7AE       _tokvbuf
 0001:C8AE       _tokv_index
 0001:3DEE       _uADDMaxSGList
 0001:3BA8       _uDebugLevel
 0001:3DF0       _ulADDMaxTransfer
 0002:AF80       _ulist_parser
 0001:3DF8       _ulTimer
 0001:3DF4       _uMaxQueueCount
 0002:2C3E       _UpdateBuilds
 0002:2AFC       _UpdateCfg
 0002:0CB6       _UpdateCRC
 0002:25B0       _UpdateNotify
 0001:3DAC       _UpdateParent
 0001:3BBC       _uRegLevel
 0002:A1CE       _ValidateVSec2
 0002:378A       _VerifyArray
 0002:903A       _VerifyDiskData
 0002:4CB8       _Vrd2Child
 0001:3D84       _vrioBuild
 0001:3DC4       _vrioUpdate
 0002:0D36       _XlateIOERR
 0002:18B6       __aNFauldiv
 0002:193A       __aNlmul
 0002:18D8       __aNuldiv
 0002:193A       __aNulmul
 0002:184A       __aNulrem
 0002:0562       __fstrncpy
 0002:04EE       __lock
 0002:0505       __unlock

  Address         Publics by Value

 0001:0000       _DiskDDHeader
 0001:0020       _szDriverName
 0001:19E8       _CRCtable
 0001:1D42       _pVrioQueueHead
 0001:1D46       _pVrioQueueFoot
 0001:1D4A       _hlVrioQueue
 0001:3BA8       _uDebugLevel
 0001:3BAA       _ppDiskDDHeader
 0001:3BAE       _ppWorkMem
 0001:3BB2       _Device_Help
 0001:3BB6       _pGlobalInfoSeg
 0001:3BBA       _fDriverFlags
 0001:3BBC       _uRegLevel
 0001:3BBE       _hdThisDriver
 0001:3BC0       _hdMemHook
 0001:3BC4       _hdBuildHook
 0001:3BC8       _apBDisk
 0001:3C28       _cBDisk
 0001:3C2A       _apPDev
 0001:3C8A       _cPDev
 0001:3C8C       _apHDrv
 0001:3CCC       _cHDrv
 0001:3CCE       _aBuildProcess
 0001:3D6A       _cBuildProcess
 0001:3D6C       _BuildParent
 0001:3D84       _vrioBuild
 0001:3DAC       _UpdateParent
 0001:3DC4       _vrioUpdate
 0001:3DEC       _cBeeps
 0001:3DEE       _uADDMaxSGList
 0001:3DF0       _ulADDMaxTransfer
 0001:3DF4       _uMaxQueueCount
 0001:3DF6       _fADDFlags
 0001:3DF8       _ulTimer
 0001:3DFC       _cIorbInQueue
 0001:3DFE       _cVrioInQueue
 0001:3E00       _cIorbAllocated
 0001:3E02       _cVrioAllocated
 0001:3E04       _szMsgBuffer
 0001:4204       _msgBuffer
 0001:420C       _MemPool
 0001:BA0C       _npInitData
 0001:BA0E       _DeviceTable
 0001:C484       _OPT_VERBOSE
 0001:C492       _OPT_DEBUG_NO
 0001:C4A0       _OPT_DEBUG_DEFAULT
 0001:C4AE       _OPT_NSHARE
 0001:C4BC       _OPT_SHARE
 0001:C4CA       _OPT_END
 0001:C4D8       _opttable
 0001:C7A0       _pcmdline1
 0001:C7A4       _pcmdline_slash
 0001:C7A8       _ptable_option
 0001:C7AC       _length
 0001:C7AE       _tokvbuf
 0001:C8AE       _tokv_index
 0001:C8B0       _pcmdline_start
 0001:C8B4       _pend_option
 0001:C8B8       _poutbuf1
 0001:C8BC       _poutbuf_end
 0001:C8C0       _cc
 0001:C8C4       _state_index
 0002:0000       DEVHELP_VIRTTOPHYS
 0002:0034       DEVHELP_LOCK
 0002:0068       DEVHELP_UNLOCK
 0002:0090       DEVHELP_VERIFYACCESS
 0002:00C0       DEVHELP_GETDOSVAR
 0002:00F4       DEVHELP_PROCBLOCK
 0002:0126       DEVHELP_PROCRUN
 0002:0154       DEVHELP_TICKCOUNT
 0002:017C       DevHelp_RegisterPDD
 0002:01A3       DevHelp_RegisterBeep
 0002:01CA       DEVHELP_BEEP
 0002:01F1       DEVHELP_REGISTERDEVICECLASS
 0002:0228       DEVHELP_VMALLOC
 0002:026F       DEVHELP_VMFREE
 0002:0294       DevHelp_VMSetMem
 0002:02C4       DEVHELP_ALLOCATECTXHOOK
 0002:02F6       DEVHELP_FREECTXHOOK
 0002:031B       DEVHELP_ARMCTXHOOK
 0002:034C       DEVHELP_SAVE_MESSAGE
 0002:0374       DEVHELP_VIRTTOLIN
 0002:03AF       DEVHELP_LINTOPAGELIST
 0002:03F0       DHRET_0
 0002:03FA       DHRET_2
 0002:0408       DHRET_4
 0002:0416       DHRET_6
 0002:0424       DHRET_8
 0002:0432       DHRET_10
 0002:0440       DHRET_12
 0002:044E       DHRET_14
 0002:045C       DHRET_16
 0002:046A       DHRET_18
 0002:0478       DHRET_20
 0002:0486       DHRET_22
 0002:0494       DHRET_24
 0002:04AD       _AsmTimer
 0002:04BF       MEMORYHOOK
 0002:04CC       BUILDHOOK
 0002:04D9       _CallADD
 0002:04EE       __lock
 0002:0505       __unlock
 0002:051E       _Shutdown
 0002:0562       __fstrncpy
 0002:05BE       _Strategy
 0002:064A       _MemFree
 0002:07E8       _MemAlloc
 0002:0900       _AllocateIorb
 0002:097A       _FreeIorb
 0002:09B8       _AllocateVrio
 0002:0A1C       _FreeVrio
 0002:0A5A       _BuildWorkmem
 0002:0B46       _ReleaseWorkmem
 0002:0BAA       _AllocateFixed
 0002:0C40       _FreeFixed
 0002:0C80       _CalcTable
 0002:0CB6       _UpdateCRC
 0002:0CCE       _CrcInit
 0002:0CFA       _Crc16
 0002:0D36       _XlateIOERR
 0002:0DE0       _CompleteVrio
 0002:0E80       _QueueVrio
 0002:0EE6       _DequeueVrio
 0002:0F66       _InsertVrio
 0002:0FC0       _GetNextIorb
 0002:1060       _InsertIorb
 0002:10DE       _StartManyIorb
 0002:1306       _ProcessAdminIO
 0002:146E       _ProcessUserIO
 0002:15DC       _dprintf
 0002:184A       __aNulrem
 0002:18B6       __aNFauldiv
 0002:18D8       __aNuldiv
 0002:193A       __aNulmul
 0002:193A       __aNlmul
 0002:196E       _HostdriveNotify
 0002:19DC       _QueueIorbChain
 0002:1A94       _QueueDeviceIO
 0002:1AE8       _SetAdapterInfo
 0002:1B6C       _SetUnitInfo
 0002:1C28       _GetDeviceTable
 0002:1D8E       _AllocateUnit
 0002:1DD8       _DeAllocateUnit
 0002:1E22       _ChangeUnitInfo
 0002:1E62       _GetDeviceGeometry
 0002:1FC6       _GetUnitStatus
 0002:200E       _ArrayHandler
 0002:21B4       _NotifyIorb
 0002:2232       _IorbEntry
 0002:22A0       _Timer
 0002:23A6       _FilterHandler
 0002:25B0       _UpdateNotify
 0002:274A       _BuildNotify
 0002:2976       _BuildWorker
 0002:2AFC       _UpdateCfg
 0002:2C3E       _UpdateBuilds
 0002:2C7E       _BuildEnd
 0002:2CD4       _BuildCreate
 0002:2E12       _SaveArrayInfos
 0002:2E60       _Hd2Dev
 0002:2EA6       _Hd2Drv
 0002:2EEC       _DriverVersion
 0002:2FD4       _ReadMessages
 0002:30E2       _ClearMessages
 0002:3137       _QueryPhyslist
 0002:328B       _QueryPhysinfo
 0002:34AD       _QueryArraylist
 0002:3601       _QueryArrayinfo
 0002:378A       _VerifyArray
 0002:3957       _StartRebuild
 0002:3AB3       _SetChildState
 0002:3BF5       _DoAdminIO
 0002:3E29       _ChangeBeeper
 0002:3F0E       _SaveMessage
 0002:3FCE       _GenIOCtl
 0002:41A4       _Chksum
 0002:41D6       _IorbNotification
 0002:446E       _PhysSendIORB
 0002:44F8       _BuildSGList
 0002:482C       _PhysdevNotify
 0002:48DA       _PhysdevWorker
 0002:4BD8       _PhysdevUpdate
 0002:4BDC       _PhysdevCreate
 0002:4CB8       _Vrd2Child
 0002:4CF8       _NextValidChild
 0002:4D8C       _MirrorNotify
 0002:52CA       _MirrorWorker
 0002:59FA       _MirrorUpdate
 0002:5C1C       _MirrorCtrl
 0002:62EE       _MirrorCreate
 0002:6742       _StripeNotify
 0002:69EA       _StripeWorker
 0002:70FE       _StripeUpdate
 0002:7190       _StripeCtrl
 0002:72BC       _StripeCreate
 0002:7536       _SpanNotify
 0002:77B6       _SpanWorker
 0002:7F18       _SpanUpdate
 0002:7FAA       _SpanCtrl
 0002:80D6       _SpanCreate
 0002:82DE       _SingleNotify
 0002:83EA       _SingleWorker
 0002:8656       _SingleUpdate
 0002:86E8       _SingleCtrl
 0002:8808       _SingleCreate
 0002:8946       _InitLevel2
 0002:8996       _CompleteInit
 0002:89BA       _Code_End
 0002:89BC       _SendIORBNotify
 0002:89DA       _LocalSendIORB
 0002:8A7E       _CheckAdapterInfo
 0002:8AF8       _CheckUnitInfo
 0002:8BF6       _LocalAllocateUnit
 0002:8CBA       _LocalDeallocateUnit
 0002:8D76       _LocalReadSector
 0002:8EA2       _FindVRaidPartition
 0002:903A       _VerifyDiskData
 0002:9220       _InstallRouter
 0002:92A8       _SearchPhysDevices
 0002:9638       _AddHostDrive
 0002:96DE       _CompressTab
 0002:974E       _AnalyseVRDev
 0002:9902       _AnalyseVRDev2
 0002:9A34       _BuildDevTree
 0002:9DC0       _RegisterDriver
 0002:9E16       _AnalyseCmdLine
 0002:9F82       _CheckRegistration
 0002:A1CE       _ValidateVSec2
 0002:A432       _InitBase
 0002:A744       _sprintk
 0002:AAB4       _Command_Parser
 0002:AF80       _ulist_parser
 0003:0000       _abWorkMem
 0003:9C40       _base
 0003:9C48       _allocp
 0003:9C4C       _hlMem
 0003:9C50       _hdMemLock
 0004:0000       _DisplayBuffer
 0004:0C00       _iNextString
 0005:0040       _szMallocFailed
 0005:0066       _szReadError
 0005:083A       _RegData
